-- The C compiler identification is GNU 13.3.0
-- The CXX compiler identification is GNU 13.3.0
-- Detecting C compiler ABI info
-- Detecting C compiler ABI info - done
-- Check for working C compiler: /usr/bin/cc - skipped
-- Detecting C compile features
-- Detecting C compile features - done
-- Detecting CXX compiler ABI info
-- Detecting CXX compiler ABI info - done
-- Check for working CXX compiler: /usr/bin/c++ - skipped
-- Detecting CXX compile features
-- Detecting CXX compile features - done
-- Found ament_cmake: 2.5.5 (/opt/ros/jazzy/share/ament_cmake/cmake)
-- Found Python3: /usr/bin/python3 (found version "3.12.3") found components: Interpreter 
-- Found rclcpp: 28.1.16 (/opt/ros/jazzy/share/rclcpp/cmake)
-- Found rosidl_generator_c: 4.6.7 (/opt/ros/jazzy/share/rosidl_generator_c/cmake)
-- Found rosidl_generator_cpp: 4.6.7 (/opt/ros/jazzy/share/rosidl_generator_cpp/cmake)
-- Using all available rosidl_typesupport_c: rosidl_typesupport_fastrtps_c;rosidl_typesupport_introspection_c
-- Using all available rosidl_typesupport_cpp: rosidl_typesupport_fastrtps_cpp;rosidl_typesupport_introspection_cpp
-- Found rmw_implementation_cmake: 7.3.3 (/opt/ros/jazzy/share/rmw_implementation_cmake/cmake)
-- Found rmw_fastrtps_cpp: 8.4.3 (/opt/ros/jazzy/share/rmw_fastrtps_cpp/cmake)
-- Found OpenSSL: /usr/lib/x86_64-linux-gnu/libcrypto.so (found version "3.0.13")  
-- Found FastRTPS: /opt/ros/jazzy/include (Required is at least version "2.13") 
-- Using RMW implementation 'rmw_fastrtps_cpp' as default
-- Found rrm_msgs: 0.0.0 (/home/imrich/ros2-ws-rrm/install/rrm_msgs/share/rrm_msgs/cmake)
-- Found sensor_msgs: 5.3.6 (/opt/ros/jazzy/share/sensor_msgs/cmake)
-- Found dzvonar_interface: 0.0.1 (/home/imrich/ros2-ws-rrm/install/dzvonar_interface/share/dzvonar_interface/cmake)
-- Found tf2_ros: 0.36.19 (/opt/ros/jazzy/share/tf2_ros/cmake)
-- Found ament_lint_auto: 0.17.4 (/opt/ros/jazzy/share/ament_lint_auto/cmake)
-- Added test 'cppcheck' to perform static code analysis on C / C++ code
-- Configured cppcheck include dirs: $<BUILD_INTERFACE:/home/imrich/ros2-ws-rrm/src/RRM_JA/block1_dzvonar/include>
-- Configured cppcheck exclude dirs and/or files: 
-- Added test 'flake8' to check Python code syntax and style conventions
-- Configured 'flake8' exclude dirs and/or files: 
-- Added test 'lint_cmake' to check CMake code style
-- Added test 'pep257' to check Python code against some of the docstring style conventions in PEP 257
-- Added test 'uncrustify' to check C / C++ code style
-- Configured uncrustify additional arguments: 
-- Added test 'xmllint' to check XML markup files
-- Configuring done (2.1s)
-- Generating done (0.0s)
-- Build files have been written to: /home/imrich/ros2-ws-rrm/src/RRM_JA/build/block1_dzvonar
[ 16%] [32mBuilding CXX object CMakeFiles/trajectory_io.dir/src/trajectory_io.cpp.o[0m
[ 33%] [32m[1mLinking CXX shared library libtrajectory_io.so[0m
[ 33%] Built target trajectory_io
[ 50%] [32mBuilding CXX object CMakeFiles/logger_node.dir/src/logger_node.cpp.o[0m
[ 66%] [32mBuilding CXX object CMakeFiles/teleop_node.dir/src/teleop_node.cpp.o[0m
[ 83%] [32m[1mLinking CXX executable teleop_node[0m
[ 83%] Built target teleop_node
[100%] [32m[1mLinking CXX executable logger_node[0m
[100%] Built target logger_node
-- Install configuration: ""
-- Installing: /home/imrich/ros2-ws-rrm/src/RRM_JA/install/block1_dzvonar/include
-- Installing: /home/imrich/ros2-ws-rrm/src/RRM_JA/install/block1_dzvonar/include/block1_Dzvonar
-- Installing: /home/imrich/ros2-ws-rrm/src/RRM_JA/install/block1_dzvonar/include/block1_Dzvonar/logger_node.hpp
-- Installing: /home/imrich/ros2-ws-rrm/src/RRM_JA/install/block1_dzvonar/include/block1_Dzvonar/teleop_node.hpp
-- Installing: /home/imrich/ros2-ws-rrm/src/RRM_JA/install/block1_dzvonar/include/block1_Dzvonar/trajectory_io.hpp
-- Installing: /home/imrich/ros2-ws-rrm/src/RRM_JA/install/block1_dzvonar/lib/libtrajectory_io.so
-- Installing: /home/imrich/ros2-ws-rrm/src/RRM_JA/install/block1_dzvonar/lib/block1_dzvonar/teleop_node
-- Set non-toolchain portion of runtime path of "/home/imrich/ros2-ws-rrm/src/RRM_JA/install/block1_dzvonar/lib/block1_dzvonar/teleop_node" to ""
-- Installing: /home/imrich/ros2-ws-rrm/src/RRM_JA/install/block1_dzvonar/lib/block1_dzvonar/logger_node
-- Set non-toolchain portion of runtime path of "/home/imrich/ros2-ws-rrm/src/RRM_JA/install/block1_dzvonar/lib/block1_dzvonar/logger_node" to ""
-- Installing: /home/imrich/ros2-ws-rrm/src/RRM_JA/install/block1_dzvonar/share/block1_dzvonar/launch
-- Installing: /home/imrich/ros2-ws-rrm/src/RRM_JA/install/block1_dzvonar/share/block1_dzvonar/launch/task_1_6.launch.py
-- Installing: /home/imrich/ros2-ws-rrm/src/RRM_JA/install/block1_dzvonar/share/ament_index/resource_index/package_run_dependencies/block1_dzvonar
-- Installing: /home/imrich/ros2-ws-rrm/src/RRM_JA/install/block1_dzvonar/share/ament_index/resource_index/parent_prefix_path/block1_dzvonar
-- Installing: /home/imrich/ros2-ws-rrm/src/RRM_JA/install/block1_dzvonar/share/block1_dzvonar/environment/ament_prefix_path.sh
-- Installing: /home/imrich/ros2-ws-rrm/src/RRM_JA/install/block1_dzvonar/share/block1_dzvonar/environment/ament_prefix_path.dsv
-- Installing: /home/imrich/ros2-ws-rrm/src/RRM_JA/install/block1_dzvonar/share/block1_dzvonar/environment/path.sh
-- Installing: /home/imrich/ros2-ws-rrm/src/RRM_JA/install/block1_dzvonar/share/block1_dzvonar/environment/path.dsv
-- Installing: /home/imrich/ros2-ws-rrm/src/RRM_JA/install/block1_dzvonar/share/block1_dzvonar/local_setup.bash
-- Installing: /home/imrich/ros2-ws-rrm/src/RRM_JA/install/block1_dzvonar/share/block1_dzvonar/local_setup.sh
-- Installing: /home/imrich/ros2-ws-rrm/src/RRM_JA/install/block1_dzvonar/share/block1_dzvonar/local_setup.zsh
-- Installing: /home/imrich/ros2-ws-rrm/src/RRM_JA/install/block1_dzvonar/share/block1_dzvonar/local_setup.dsv
-- Installing: /home/imrich/ros2-ws-rrm/src/RRM_JA/install/block1_dzvonar/share/block1_dzvonar/package.dsv
-- Installing: /home/imrich/ros2-ws-rrm/src/RRM_JA/install/block1_dzvonar/share/ament_index/resource_index/packages/block1_dzvonar
-- Installing: /home/imrich/ros2-ws-rrm/src/RRM_JA/install/block1_dzvonar/share/block1_dzvonar/cmake/block1_dzvonarConfig.cmake
-- Installing: /home/imrich/ros2-ws-rrm/src/RRM_JA/install/block1_dzvonar/share/block1_dzvonar/cmake/block1_dzvonarConfig-version.cmake
-- Installing: /home/imrich/ros2-ws-rrm/src/RRM_JA/install/block1_dzvonar/share/block1_dzvonar/package.xml
