[0.018s] Invoking command in '/home/imrich/ros2-ws-rrm/src/RRM_JA/build/block1_dzvonar': CMAKE_PREFIX_PATH=${CMAKE_PREFIX_PATH}:/opt/ros/jazzy DEBUGINFOD_URLS=https://debuginfod.ubuntu.com /usr/bin/cmake --build /home/imrich/ros2-ws-rrm/src/RRM_JA/build/block1_dzvonar -- -j4 -l4
[0.055s] -- Found ament_cmake: 2.5.5 (/opt/ros/jazzy/share/ament_cmake/cmake)
[0.422s] -- Found rclcpp: 28.1.16 (/opt/ros/jazzy/share/rclcpp/cmake)
[0.473s] -- Found rosidl_generator_c: 4.6.7 (/opt/ros/jazzy/share/rosidl_generator_c/cmake)
[0.485s] -- Found rosidl_generator_cpp: 4.6.7 (/opt/ros/jazzy/share/rosidl_generator_cpp/cmake)
[0.501s] -- Using all available rosidl_typesupport_c: rosidl_typesupport_fastrtps_c;rosidl_typesupport_introspection_c
[0.519s] -- Using all available rosidl_typesupport_cpp: rosidl_typesupport_fastrtps_cpp;rosidl_typesupport_introspection_cpp
[0.599s] -- Found rmw_implementation_cmake: 7.3.3 (/opt/ros/jazzy/share/rmw_implementation_cmake/cmake)
[0.601s] -- Found rmw_fastrtps_cpp: 8.4.3 (/opt/ros/jazzy/share/rmw_fastrtps_cpp/cmake)
[0.691s] -- Using RMW implementation 'rmw_fastrtps_cpp' as default
[0.773s] -- Found rrm_msgs: 0.0.0 (/home/imrich/ros2-ws-rrm/install/rrm_msgs/share/rrm_msgs/cmake)
[0.791s] -- Found sensor_msgs: 5.3.6 (/opt/ros/jazzy/share/sensor_msgs/cmake)
[0.863s] -- Found dzvonar_interface: 0.0.1 (/home/imrich/ros2-ws-rrm/install/dzvonar_interface/share/dzvonar_interface/cmake)
[0.882s] -- Found tf2_ros: 0.36.19 (/opt/ros/jazzy/share/tf2_ros/cmake)
[1.031s] -- Found ament_lint_auto: 0.17.4 (/opt/ros/jazzy/share/ament_lint_auto/cmake)
[1.182s] -- Added test 'cppcheck' to perform static code analysis on C / C++ code
[1.183s] -- Configured cppcheck include dirs: $<BUILD_INTERFACE:/home/imrich/ros2-ws-rrm/src/RRM_JA/block1_dzvonar/include>
[1.183s] -- Configured cppcheck exclude dirs and/or files: 
[1.187s] -- Added test 'flake8' to check Python code syntax and style conventions
[1.188s] -- Configured 'flake8' exclude dirs and/or files: 
[1.196s] -- Added test 'lint_cmake' to check CMake code style
[1.201s] -- Added test 'pep257' to check Python code against some of the docstring style conventions in PEP 257
[1.234s] -- Added test 'uncrustify' to check C / C++ code style
[1.234s] -- Configured uncrustify additional arguments: 
[1.238s] -- Added test 'xmllint' to check XML markup files
[1.239s] -- Configuring done (1.2s)
[1.269s] -- Generating done (0.0s)
[1.277s] -- Build files have been written to: /home/imrich/ros2-ws-rrm/src/RRM_JA/build/block1_dzvonar
[1.333s] [ 16%] [32mBuilding CXX object CMakeFiles/trajectory_io.dir/src/trajectory_io.cpp.o[0m
[1.910s] [ 33%] [32m[1mLinking CXX shared library libtrajectory_io.so[0m
[2.033s] [ 33%] Built target trajectory_io
[2.082s] [ 66%] [32mBuilding CXX object CMakeFiles/logger_node.dir/src/logger_node.cpp.o[0m
[2.082s] [ 66%] [32m[1mLinking CXX executable teleop_node[0m
[2.394s] [ 83%] Built target teleop_node
[7.019s] [100%] [32m[1mLinking CXX executable logger_node[0m
[7.230s] /usr/bin/ld: CMakeFiles/logger_node.dir/src/logger_node.cpp.o: in function `void std::_Construct<JointLogger>(JointLogger*)':
[7.230s] logger_node.cpp:(.text._ZSt10_ConstructI11JointLoggerJEEvPT_DpOT0_[_ZSt10_ConstructI11JointLoggerJEEvPT_DpOT0_]+0x35): undefined reference to `JointLogger::JointLogger()'
[7.246s] collect2: error: ld returned 1 exit status
[7.251s] gmake[2]: *** [CMakeFiles/logger_node.dir/build.make:225: logger_node] Error 1
[7.252s] gmake[1]: *** [CMakeFiles/Makefile2:193: CMakeFiles/logger_node.dir/all] Error 2
[7.252s] gmake: *** [Makefile:146: all] Error 2
[7.256s] Invoked command in '/home/imrich/ros2-ws-rrm/src/RRM_JA/build/block1_dzvonar' returned '2': CMAKE_PREFIX_PATH=${CMAKE_PREFIX_PATH}:/opt/ros/jazzy DEBUGINFOD_URLS=https://debuginfod.ubuntu.com /usr/bin/cmake --build /home/imrich/ros2-ws-rrm/src/RRM_JA/build/block1_dzvonar -- -j4 -l4
